// Jest Snapshot v1, https://goo.gl/fbAQLP

exports[`List snapShot 1`] = `
<Text>
   Please wait....
</Text>
`;
